  Determining projects to restore...
  All projects are up-to-date for restore.
D:\Masters\Github\secure-banking-authentication-system\Pages\OtpPage.xaml.cs(57,13): error CS0103: The name '_session' does not exist in the current context [D:\Masters\Github\secure-banking-authentication-system\SecureBankingApp.csproj::TargetFramework=net9.0-windows10.0.19041.0]
D:\Masters\Github\secure-banking-authentication-system\Pages\OtpPage.xaml.cs(61,62): error CS0103: The name '_session' does not exist in the current context [D:\Masters\Github\secure-banking-authentication-system\SecureBankingApp.csproj::TargetFramework=net9.0-windows10.0.19041.0]
D:\Masters\Github\secure-banking-authentication-system\Pages\MainPage.xaml.cs(22,18): error CS0103: The name '_session' does not exist in the current context [D:\Masters\Github\secure-banking-authentication-system\SecureBankingApp.csproj::TargetFramework=net9.0-windows10.0.19041.0]
D:\Masters\Github\secure-banking-authentication-system\Pages\MainPage.xaml.cs(28,24): error CS0103: The name '_session' does not exist in the current context [D:\Masters\Github\secure-banking-authentication-system\SecureBankingApp.csproj::TargetFramework=net9.0-windows10.0.19041.0]
D:\Masters\Github\secure-banking-authentication-system\Pages\OtpPage.xaml.cs(68,18): error CS0103: The name '_session' does not exist in the current context [D:\Masters\Github\secure-banking-authentication-system\SecureBankingApp.csproj::TargetFramework=net9.0-windows10.0.19041.0]
D:\Masters\Github\secure-banking-authentication-system\Pages\MainPage.xaml.cs(56,13): error CS0103: The name '_session' does not exist in the current context [D:\Masters\Github\secure-banking-authentication-system\SecureBankingApp.csproj::TargetFramework=net9.0-windows10.0.19041.0]
D:\Masters\Github\secure-banking-authentication-system\Pages\MainPage.xaml.cs(62,18): error CS0103: The name '_session' does not exist in the current context [D:\Masters\Github\secure-banking-authentication-system\SecureBankingApp.csproj::TargetFramework=net9.0-windows10.0.19041.0]
D:\Masters\Github\secure-banking-authentication-system\Pages\MainPage.xaml.cs(66,67): error CS0103: The name '_session' does not exist in the current context [D:\Masters\Github\secure-banking-authentication-system\SecureBankingApp.csproj::TargetFramework=net9.0-windows10.0.19041.0]
